state	power	likelihood
4	0.01024	-23248.1
5	0.01024	-23163.2
6	0.01024	-23199.9
7	0.01024	-23347.1
8	0.01024	-23314.5
9	0.01024	-23526.3
10	0.01024	-23650.5
