state	power	likelihood
4	0.16807	-21396.2
5	0.16807	-21392.9
6	0.16807	-21384.2
7	0.16807	-21375.9
8	0.16807	-21380.8
9	0.16807	-21374.9
10	0.16807	-21355.9
