state	power	likelihood
4	0.00243	-27081.3
5	0.00243	-26817.8
6	0.00243	-26289.3
7	0.00243	-26363.5
8	0.00243	-26878
9	0.00243	-26365.2
10	0.00243	-26738
