state	power	likelihood
4	1e-05	-50045
5	1e-05	-30559.7
6	1e-05	-30161.8
7	1e-05	-28925.4
8	1e-05	-29501.4
9	1e-05	-29324.6
10	1e-05	-29419.2
