state	power	likelihood
4	0.07776	-21629.5
5	0.07776	-21647.8
6	0.07776	-21629.3
7	0.07776	-21636.8
8	0.07776	-21598.1
9	0.07776	-21605.5
10	0.07776	-21553.6
