state	power	likelihood
4	1.16658e-302	-29863.4
5	1.16658e-302	-30801.8
6	1.16658e-302	-31694.8
7	1.16658e-302	-29958.6
8	1.16658e-302	-30427.9
9	1.16658e-302	-30454
10	1.16658e-302	-30754.2
