Marginal likelihood estimates when running the stones all at once:

Stepping-stone estimate: 	-21452.78	
Path-sampling estimate: 	-21406.82